// Jest Snapshot v1, https://goo.gl/fbAQLP

exports[`Prueba <AddCategory /> debe de mostrarse correctamente 1`] = `
<form
  onSubmit={[Function]}
>
  <p />
  <h1 />
  <input
    onChange={[Function]}
    type="text"
    value=""
  />
</form>
`;
