// Jest Snapshot v1, https://goo.gl/fbAQLP

exports[`pruebas sobre <GifGrid /> snapshot 1`] = `
<Fragment>
  <h3>
    Dragon Ball
  </h3>
  <p
    className="animate__animated animate__flash"
  >
    Cargando...
  </p>
  <div
    className="card-grid"
  />
</Fragment>
`;
