// Jest Snapshot v1, https://goo.gl/fbAQLP

exports[`Pruebas en GifGridItem debe realizar el snapshot 1`] = `
<div
  className="card animate__animated animate__fadeIn"
>
  <img
    alt="Un titulo"
    src="https://unaurl.com"
  />
  <p>
    Un titulo
  </p>
</div>
`;
